// Jest Snapshot v1, https://goo.gl/fbAQLP

exports[`renders RocketsPage correctly 1`] = `
<section>
  <div>
    loading...
  </div>
</section>
`;
